// Jest Snapshot v1, https://goo.gl/fbAQLP

exports[`About matches snapshot 1`] = `
<div
  className="css-zkfaav"
  id="about"
>
  <div
    className="css-l3rx45"
  >
    <h2
      className="css-1hc7vq6"
    >
      About me
    </h2>
    <div
      className="css-ci7kx9"
    >
      <div
        className=" gatsby-image-wrapper"
        style={
          Object {
            "display": "inline-block",
            "flexShrink": 0,
            "height": undefined,
            "overflow": "hidden",
            "position": "relative",
            "width": undefined,
          }
        }
      >
        <picture>
          <source
            media="(max-width: 640px)"
          />
          <source
            media="(max-width: 960px)"
          />
          <source
            media="(min-width: 1952px)"
          />
          <source />
          <img
            alt="portrait of me"
            loading="lazy"
            onLoad={[Function]}
            style={
              Object {
                "borderRadius": "50%",
                "flexShrink": 0,
                "height": "100%",
                "left": 0,
                "objectFit": "cover",
                "objectPosition": "center",
                "opacity": 0,
                "position": "absolute",
                "top": 0,
                "transition": "opacity 500ms",
                "width": "100%",
              }
            }
          />
        </picture>
        <noscript
          dangerouslySetInnerHTML={
            Object {
              "__html": "<picture><source media=\\"(max-width: 640px)\\" srcset=\\"undefined\\" /><source media=\\"(max-width: 960px)\\" srcset=\\"undefined\\" /><source media=\\"(min-width: 1952px)\\" srcset=\\"undefined\\" /><source srcset=\\"undefined\\" /><img loading=\\"lazy\\" src=\\"\\" alt=\\"portrait of me\\" style=\\"position:absolute;top:0;left:0;opacity:1;width:100%;height:100%;object-fit:cover;object-position:center\\"/></picture>",
            }
          }
        />
      </div>
      <p
        className="css-lho9bf"
        data-testid="content"
      >
        Hello, World!
      </p>
    </div>
  </div>
</div>
`;
