// Jest Snapshot v1, https://goo.gl/fbAQLP

exports[`Hero matches snapshot 1`] = `
<div
  className="css-4cffwv"
  id="hero"
>
  <div
    className="css-104ytwb"
  >
    <div
      className="hero__flex-wrapper css-1d2tbd8"
    >
      <div
        className="css-1rikcx"
      >
        <div
          className=" gatsby-image-wrapper"
          style={
            Object {
              "display": "inline-block",
              "height": undefined,
              "overflow": "hidden",
              "position": "relative",
              "width": undefined,
            }
          }
        >
          <picture>
            <source
              media="(max-width: 640px)"
            />
            <source
              media="(max-width: 840px) and (max-height: 420px) and (orientation: landscape)"
            />
            <source
              media="(min-width: 1952px)"
            />
            <source />
            <img
              alt="Cool-looking emoji of me"
              loading="lazy"
              onLoad={[Function]}
              style={
                Object {
                  "height": "100%",
                  "left": 0,
                  "objectFit": "cover",
                  "objectPosition": "center",
                  "opacity": 0,
                  "position": "absolute",
                  "top": 0,
                  "transition": "opacity 500ms",
                  "width": "100%",
                }
              }
            />
          </picture>
          <noscript
            dangerouslySetInnerHTML={
              Object {
                "__html": "<picture><source media=\\"(max-width: 640px)\\" srcset=\\"undefined\\" /><source media=\\"(max-width: 840px) and (max-height: 420px) and (orientation: landscape)\\" srcset=\\"undefined\\" /><source media=\\"(min-width: 1952px)\\" srcset=\\"undefined\\" /><source srcset=\\"undefined\\" /><img loading=\\"lazy\\" src=\\"\\" alt=\\"Cool-looking emoji of me\\" style=\\"position:absolute;top:0;left:0;opacity:1;width:100%;height:100%;object-fit:cover;object-position:center\\"/></picture>",
              }
            }
          />
        </div>
      </div>
      <div
        className="hero__details-box css-dg0yw"
      >
        <h1
          className="css-b5c2cb"
          data-testid="heading"
        >
          Hello
           
          <span
            id="hello"
            role="img"
            style={
              Object {
                "display": "inline-block",
                "transition": "200ms",
              }
            }
          >
            ðŸ‘‹
          </span>
          <br />
          I am headline
          <br />
        </h1>
        <p
          className="css-vurnku"
          data-testid="content"
        >
          Hello, World!
        </p>
      </div>
    </div>
    <div
      className="scroller css-1sfhpft"
      role="complementary"
    >
      <h4
        className="css-vurnku"
      >
        SCROLL DOWN TO SEE MY PROJECTS
      </h4>
      <div
        className="scroller__box css-1o8ebip"
        role="button"
      >
        <div
          className="scroller__thumb css-atwtvm"
          data-testid="scroller-thumb"
        />
      </div>
    </div>
  </div>
</div>
`;
