// Jest Snapshot v1, https://goo.gl/fbAQLP

exports[`MyProjects matches snapshot 1`] = `
<div
  className="css-4cffwv"
>
  <div
    className="css-qdscj0"
  >
    <h2
      className="css-1hc7vq6"
    >
      My Projects
    </h2>
    <div
      className="css-arncl7"
    >
      <div
        className="css-i624kq"
      >
        <div
          className=" gatsby-image-wrapper"
          style={
            Object {
              "height": "100%",
              "maxHeight": null,
              "maxWidth": null,
              "overflow": "hidden",
              "position": "relative",
              "width": "100%",
            }
          }
        >
          <div
            aria-hidden={true}
            style={
              Object {
                "paddingBottom": "NaN%",
                "width": "100%",
              }
            }
          />
          <picture>
            <source
              media="(max-width: 48em) and (orientation: portrait)"
            />
            <source
              media="(max-width: 60em) and (orientation: landscape)"
            />
            <source
              media="(min-width: 122em)"
            />
            <source />
            <img
              alt=""
              loading="lazy"
              onLoad={[Function]}
              style={
                Object {
                  "height": "100%",
                  "left": 0,
                  "objectFit": "cover",
                  "objectPosition": "center",
                  "opacity": 0,
                  "position": "absolute",
                  "top": 0,
                  "transition": "opacity 500ms",
                  "width": "100%",
                }
              }
            />
          </picture>
          <noscript
            dangerouslySetInnerHTML={
              Object {
                "__html": "<picture><source media=\\"(max-width: 48em) and (orientation: portrait)\\" srcset=\\"undefined\\" /><source media=\\"(max-width: 60em) and (orientation: landscape)\\" srcset=\\"undefined\\" /><source media=\\"(min-width: 122em)\\" srcset=\\"undefined\\" /><source srcset=\\"undefined\\" /><img loading=\\"lazy\\" src=\\"\\" alt=\\"\\" style=\\"position:absolute;top:0;left:0;opacity:1;width:100%;height:100%;object-fit:cover;object-position:center\\"/></picture>",
              }
            }
          />
        </div>
      </div>
      <div
        className="css-o8s4w0"
      >
        <h2
          className="css-zrl3mw"
          data-testid="name"
        >
          Sample Project
        </h2>
        <p
          className="css-vurnku"
          data-testid="misc"
        >
          description
        </p>
        <a
          href="sample_project"
        >
          <button
            className="css-21tlyt"
          >
            View Project
          </button>
        </a>
      </div>
    </div>
  </div>
</div>
`;
