// Jest Snapshot v1, https://goo.gl/fbAQLP

exports[`MySkills matches snapshot 1`] = `
<div
  className="css-4cffwv"
  id="skills"
>
  <div
    className="css-16vu25q"
  >
    <h2
      className="css-l7njxq"
    >
      Some Things I'm Familiar With
    </h2>
    <div
      className="css-1o29yoi"
    >
      <div
        className="skillcard css-zg82jx"
        data-testid="wrapper"
      >
        <div
          className="css-1vyba89"
        >
          <div
            className=" gatsby-image-wrapper"
            style={
              Object {
                "display": "inline-block",
                "height": undefined,
                "overflow": "hidden",
                "position": "relative",
                "width": undefined,
              }
            }
          >
            <picture>
              <source
                media="(max-width: 640px)"
              />
              <source
                media="(max-width: 832px) and (orientation: landscape)"
              />
              <source
                media="(max-width: 1040px)"
              />
              <source
                media="(min-width: 1952px)"
              />
              <source />
              <img
                alt=""
                loading="lazy"
                onLoad={[Function]}
                style={
                  Object {
                    "height": "auto",
                    "left": 0,
                    "objectFit": "cover",
                    "objectPosition": "center",
                    "opacity": 0,
                    "position": "absolute",
                    "top": 0,
                    "transition": "opacity 500ms",
                    "width": "100%",
                  }
                }
              />
            </picture>
            <noscript
              dangerouslySetInnerHTML={
                Object {
                  "__html": "<picture><source media=\\"(max-width: 640px)\\" srcset=\\"undefined\\" /><source media=\\"(max-width: 832px) and (orientation: landscape)\\" srcset=\\"undefined\\" /><source media=\\"(max-width: 1040px)\\" srcset=\\"undefined\\" /><source media=\\"(min-width: 1952px)\\" srcset=\\"undefined\\" /><source srcset=\\"undefined\\" /><img loading=\\"lazy\\" src=\\"\\" alt=\\"\\" style=\\"position:absolute;top:0;left:0;opacity:1;width:100%;height:100%;object-fit:cover;object-position:center\\"/></picture>",
                }
              }
            />
          </div>
        </div>
        <div
          className="css-xr35o1"
        >
          React
        </div>
      </div>
    </div>
  </div>
</div>
`;
