// Jest Snapshot v1, https://goo.gl/fbAQLP

exports[`Skillcard matches snapshot 1`] = `
<div
  className="skillcard css-1dp33er"
  data-testid="wrapper"
>
  <div
    className="css-12os43k"
  >
    <div
      className="css-1x5vnaj"
    >
      <div
        className=" gatsby-image-wrapper"
        style={
          Object {
            "display": "inline-block",
            "height": undefined,
            "overflow": "hidden",
            "position": "relative",
            "width": undefined,
          }
        }
      >
        <picture>
          <source
            media="(max-width: 640px)"
          />
          <source
            media="(max-width: 832px) and (orientation: landscape)"
          />
          <source
            media="(max-width: 1040px)"
          />
          <source
            media="(min-width: 1952px)"
          />
          <source />
          <img
            alt=""
            loading="lazy"
            onLoad={[Function]}
            style={
              Object {
                "height": "auto",
                "left": 0,
                "objectFit": "cover",
                "objectPosition": "center",
                "opacity": 0,
                "position": "absolute",
                "top": 0,
                "transition": "opacity 500ms",
                "width": "100%",
              }
            }
          />
        </picture>
        <noscript
          dangerouslySetInnerHTML={
            Object {
              "__html": "<picture><source media=\\"(max-width: 640px)\\" srcset=\\"undefined\\" /><source media=\\"(max-width: 832px) and (orientation: landscape)\\" srcset=\\"undefined\\" /><source media=\\"(max-width: 1040px)\\" srcset=\\"undefined\\" /><source media=\\"(min-width: 1952px)\\" srcset=\\"undefined\\" /><source srcset=\\"undefined\\" /><img loading=\\"lazy\\" src=\\"\\" alt=\\"\\" style=\\"position:absolute;top:0;left:0;opacity:1;width:100%;height:100%;object-fit:cover;object-position:center\\"/></picture>",
            }
          }
        />
      </div>
    </div>
  </div>
  <div
    className="css-m4qzk6"
  >
    React
  </div>
</div>
`;
